[backblue.gif]
[fade.gif]
[index.html]
[legalfx.net/images/favicon.png]
[legalfx.net/js/jquery-1.11.3.min.js]
[legalfx.net/js/wow.js]
[legalfx.net/js/calculator.js]
[legalfx.net/images/logo.png]
[translate.google.com/translate_a/elementa0d8.js]
[legalfx.net/images/about.png]
[legalfx.net/images/stat.png]
[legalfx.net/images/pb.png]
[legalfx.net/images/rrc.png]
[legalfx.net/images/em.png]
[legalfx.net/images/sdp.png]
[legalfx.net/images/gge.png]
[legalfx.net/images/gcl.png]
[legalfx.net/images/sc.png]
[legalfx.net/images/lw.png]
[legalfx.net/images/1000.gif]
[legalfx.net/images/1001.gif]
[legalfx.net/images/referman.png]
[www.smartsuppchat.com/loaderd41d.js]
[legalfx.net/images/certi.png]
[legalfx.net/images/payment.png]
[legalfx.net/index.html]
[legalfx.net/images/slider.png]
[legalfx.net/images/otherbg.png]
[legalfx.net/images/statel.png]
[legalfx.net/images/stater.png]
[legalfx.net/images/aboutbg.png]
[legalfx.net/images/border.png]
[legalfx.net/images/planbg.png]
[legalfx.net/images/plana.png]
[legalfx.net/images/planb.png]
[legalfx.net/images/planbl.png]
[legalfx.net/images/planc.png]
[legalfx.net/images/newsfeature.png]
[legalfx.net/images/investw.png]
[legalfx.net/images/level.png]
[legalfx.net/images/footer.png]
[legalfx.net/images/otherc.png]
[legalfx.net/images/dashboard.png]
[legalfx.net/images/dplana.png]
[legalfx.net/images/dplanb.png]
[legalfx.net/images/dplanc.png]
[legalfx.net/images/aboutb.png]
[legalfx.net/css/style-new.css]
[legalfx.net/css/animate.css]
[legalfx.net/font-awesome-4.7.0/fonts/fontawesome-webfont3e6e3e6e.eot]
[legalfx.net/font-awesome-4.7.0/fonts/fontawesome-webfontd41dd41d.eot]
[legalfx.net/font-awesome-4.7.0/fonts/fontawesome-webfont3e6e3e6e.woff2]
[legalfx.net/font-awesome-4.7.0/fonts/fontawesome-webfont3e6e3e6e.woff]
[legalfx.net/font-awesome-4.7.0/fonts/fontawesome-webfont3e6e3e6e.ttf]
[legalfx.net/font-awesome-4.7.0/css/font-awesome.css]
[legalfx.net/font-awesome-4.7.0/css/font-awesome.min.css]
[legalfx.net/indexbc14.html]
[legalfx.net/images/abouta.png]
[legalfx.net/images/aboutc.png]
[legalfx.net/index7b87.html]
[legalfx.net/index56ca.html]
[legalfx.net/images/rules.png]
[legalfx.net/index38cd.html]
[legalfx.net/images/rules.jpg]
[legalfx.net/indexa972.html]
[legalfx.net/index0706.html]
[legalfx.net/images/contact.png]
[legalfx.net/index15a0.html]
[legalfx.net/indexc30b.html]
[legalfx.net/indexcca3.html]
[legalfx.net/font-awesome-4.7.0/fonts/fontawesome-webfont3e6e3e6e.svg]
[legalfx.net/index2017.html]
[legalfx.net/index8083.html]
[legalfx.net/images/news.png]
